﻿
> frontend@0.0.0 build
> vite build

[36mvite v7.3.1 [32mbuilding client environment for production...[36m[39m
transforming...
[32mΓ£ô[39m 2 modules transformed.
node.exe : 
[31mΓ£ù[39m Build 
failed in 81ms
At line:1 char:1
+ & "C:\Program 
Files\nodejs/node.exe" 
"C:\Program 
Files\nodejs/node_mo 
...
+ ~~~~~~~~~~~~~~~~~~~~~
~~~~~~~~~~~~~~~~~~~~~~~
~~~~~~~~~~~~~~~~~~~~~~~
~~
    + CategoryInfo     
         : 
NotSpecified:     
([31mΓ£ù[39m Build   
  failed in 81ms:Stri  
  ng) [], RemoteExcept 
   ion
    + 
FullyQualifiedErro    
rId : NativeCommandE   
 rror
 
[31merror during 
build:
[31m[vite]: Rollup 
failed to resolve 
import 
"react-router-dom" 
from "C:/Users/saiko/On
eDrive/Desktop/jobappli
cation/frontend/src/mai
n.jsx".
This is most likely 
unintended because it 
can break your 
application at runtime.
If you do want to 
externalize this 
module explicitly add 
it to
`build.rollupOptions.ex
ternal`[31m
    at viteLog (file://
/C:/Users/saiko/OneDriv
e/Desktop/jobapplicatio
n/frontend/node_modules
/vite/dist/node/chunks/
config.js:33635:57)
    at file:///C:/Users
/saiko/OneDrive/Desktop
/jobapplication/fronten
d/node_modules/vite/dis
t/node/chunks/config.js
:33669:73
    at onwarn (file:///
C:/Users/saiko/OneDrive
/Desktop/jobapplication
/frontend/node_modules/
@vitejs/plugin-react/di
st/index.js:76:7)
    at file:///C:/Users
/saiko/OneDrive/Desktop
/jobapplication/fronten
d/node_modules/vite/dis
t/node/chunks/config.js
:33669:28
    at onRollupLog (fil
e:///C:/Users/saiko/One
Drive/Desktop/jobapplic
ation/frontend/node_mod
ules/vite/dist/node/chu
nks/config.js:33664:63)
    at onLog (file:///C
:/Users/saiko/OneDrive/
Desktop/jobapplication/
frontend/node_modules/v
ite/dist/node/chunks/co
nfig.js:33467:4)
    at file:///C:/Users
/saiko/OneDrive/Desktop
/jobapplication/fronten
d/node_modules/rollup/d
ist/es/shared/node-entr
y.js:20981:32
    at Object.logger 
[as onLog] (file:///C:/
Users/saiko/OneDrive/De
sktop/jobapplication/fr
ontend/node_modules/rol
lup/dist/es/shared/node
-entry.js:22968:9)
    at ModuleLoader.han
dleInvalidResolvedId (f
ile:///C:/Users/saiko/O
neDrive/Desktop/jobappl
ication/frontend/node_m
odules/rollup/dist/es/s
hared/node-entry.js:217
12:26)
    at file:///C:/Users
/saiko/OneDrive/Desktop
/jobapplication/fronten
d/node_modules/rollup/d
ist/es/shared/node-entr
y.js:21670:26[39m
